[INFO] Scanning for projects...
[INFO] 
[INFO] --------------< com.attendance:student-attendance-system >--------------
[INFO] Building Student Attendance Management System 1.0.0
[INFO]   from pom.xml
[INFO] --------------------------------[ war ]---------------------------------
[INFO] 
[INFO] --- resources:3.3.1:resources (default-resources) @ student-attendance-system ---
[INFO] Copying 1 resource from src\main\resources to target\classes
[INFO] Copying 0 resource from src\main\resources to target\classes
[INFO] 
[INFO] --- compiler:3.13.0:compile (default-compile) @ student-attendance-system ---
[INFO] Nothing to compile - all classes are up to date.
[INFO] ------------------------------------------------------------------------
[INFO] BUILD SUCCESS
[INFO] ------------------------------------------------------------------------
[INFO] Total time:  1.596 s
[INFO] Finished at: 2026-03-16T18:42:34+05:30
[INFO] ------------------------------------------------------------------------
